Component: ARM Compiler 5.06 update 3 (build 300) Tool: armlink [4d35c9]

==============================================================================

Section Cross References

    main.o(i.I2C_Configuration) refers to stm32f4xx_rcc.o(i.RCC_AHB1PeriphClockCmd) for RCC_AHB1PeriphClockCmd
    main.o(i.I2C_Configuration) refers to stm32f4xx_rcc.o(i.RCC_APB1PeriphClockCmd) for RCC_APB1PeriphClockCmd
    main.o(i.I2C_Configuration) refers to stm32f4xx_gpio.o(i.GPIO_Init) for GPIO_Init
    main.o(i.I2C_Configuration) refers to stm32f4xx_gpio.o(i.GPIO_PinAFConfig) for GPIO_PinAFConfig
    main.o(i.I2C_Configuration) refers to stm32f4xx_i2c.o(i.I2C_DeInit) for I2C_DeInit
    main.o(i.I2C_Configuration) refers to stm32f4xx_i2c.o(i.I2C_Init) for I2C_Init
    main.o(i.I2C_Configuration) refers to stm32f4xx_i2c.o(i.I2C_Cmd) for I2C_Cmd
    main.o(i.main) refers to main.o(i.I2C_Configuration) for I2C_Configuration
    main.o(i.main) refers to hmc5883l.o(i.HMC5883L_Initialize) for HMC5883L_Initialize
    main.o(i.main) refers to mpu6050.o(i.MPU6050_Initialize) for MPU6050_Initialize
    main.o(i.main) refers to hmc5883l.o(i.HMC5883L_GetHeading) for HMC5883L_GetHeading
    main.o(i.main) refers to mpu6050.o(i.MPU6050_GetRawAccelTempGyro) for MPU6050_GetRawAccelTempGyro
    main.o(i.main) refers to main.o(.data) for .data
    main.o(i.main) refers to main.o(.bss) for .bss
    system_stm32f4xx.o(i.SystemCoreClockUpdate) refers to system_stm32f4xx.o(.data) for .data
    system_stm32f4xx.o(i.SystemInit) refers to system_stm32f4xx.o(i.SetSysClock) for SetSysClock
    startup_stm32f4xx.o(RESET) refers to startup_stm32f4xx.o(STACK) for __initial_sp
    startup_stm32f4xx.o(RESET) refers to startup_stm32f4xx.o(.text) for Reset_Handler
    startup_stm32f4xx.o(RESET) refers to stm32f4xx_it.o(i.NMI_Handler) for NMI_Handler
    startup_stm32f4xx.o(RESET) refers to stm32f4xx_it.o(i.HardFault_Handler) for HardFault_Handler
    startup_stm32f4xx.o(RESET) refers to stm32f4xx_it.o(i.MemManage_Handler) for MemManage_Handler
    startup_stm32f4xx.o(RESET) refers to stm32f4xx_it.o(i.BusFault_Handler) for BusFault_Handler
    startup_stm32f4xx.o(RESET) refers to stm32f4xx_it.o(i.UsageFault_Handler) for UsageFault_Handler
    startup_stm32f4xx.o(RESET) refers to stm32f4xx_it.o(i.SVC_Handler) for SVC_Handler
    startup_stm32f4xx.o(RESET) refers to stm32f4xx_it.o(i.DebugMon_Handler) for DebugMon_Handler
    startup_stm32f4xx.o(RESET) refers to stm32f4xx_it.o(i.PendSV_Handler) for PendSV_Handler
    startup_stm32f4xx.o(RESET) refers to stm32f4xx_it.o(i.SysTick_Handler) for SysTick_Handler
    startup_stm32f4xx.o(.text) refers to system_stm32f4xx.o(i.SystemInit) for SystemInit
    startup_stm32f4xx.o(.text) refers to entry.o(.ARM.Collect$$$$00000000) for __main
    stm32f4xx_gpio.o(i.GPIO_DeInit) refers to stm32f4xx_rcc.o(i.RCC_AHB1PeriphResetCmd) for RCC_AHB1PeriphResetCmd
    stm32f4xx_rcc.o(i.RCC_GetClocksFreq) refers to stm32f4xx_rcc.o(.data) for .data
    stm32f4xx_rcc.o(i.RCC_WaitForHSEStartUp) refers to stm32f4xx_rcc.o(i.RCC_GetFlagStatus) for RCC_GetFlagStatus
    stm32f4xx_i2c.o(i.I2C_DeInit) refers to stm32f4xx_rcc.o(i.RCC_APB1PeriphResetCmd) for RCC_APB1PeriphResetCmd
    stm32f4xx_i2c.o(i.I2C_Init) refers to stm32f4xx_rcc.o(i.RCC_GetClocksFreq) for RCC_GetClocksFreq
    hmc5883l.o(i.HMC5883L_GetDataRate) refers to hmc5883l.o(i.HMC5883L_ReadBits) for HMC5883L_ReadBits
    hmc5883l.o(i.HMC5883L_GetGain) refers to hmc5883l.o(i.HMC5883L_ReadBits) for HMC5883L_ReadBits
    hmc5883l.o(i.HMC5883L_GetHeading) refers to hmc5883l.o(i.HMC5883L_I2C_BufferRead) for HMC5883L_I2C_BufferRead
    hmc5883l.o(i.HMC5883L_GetHeading) refers to hmc5883l.o(i.HMC5883L_I2C_ByteWrite) for HMC5883L_I2C_ByteWrite
    hmc5883l.o(i.HMC5883L_GetHeading) refers to hmc5883l.o(.data) for .data
    hmc5883l.o(i.HMC5883L_GetLockStatus) refers to hmc5883l.o(i.HMC5883L_ReadBit) for HMC5883L_ReadBit
    hmc5883l.o(i.HMC5883L_GetMeasurementBias) refers to hmc5883l.o(i.HMC5883L_ReadBits) for HMC5883L_ReadBits
    hmc5883l.o(i.HMC5883L_GetMode) refers to hmc5883l.o(i.HMC5883L_ReadBits) for HMC5883L_ReadBits
    hmc5883l.o(i.HMC5883L_GetReadyStatus) refers to hmc5883l.o(i.HMC5883L_ReadBit) for HMC5883L_ReadBit
    hmc5883l.o(i.HMC5883L_GetSampleAveraging) refers to hmc5883l.o(i.HMC5883L_ReadBits) for HMC5883L_ReadBits
    hmc5883l.o(i.HMC5883L_I2C_BufferRead) refers to stm32f4xx_i2c.o(i.I2C_GetFlagStatus) for I2C_GetFlagStatus
    hmc5883l.o(i.HMC5883L_I2C_BufferRead) refers to stm32f4xx_i2c.o(i.I2C_GenerateSTART) for I2C_GenerateSTART
    hmc5883l.o(i.HMC5883L_I2C_BufferRead) refers to stm32f4xx_i2c.o(i.I2C_CheckEvent) for I2C_CheckEvent
    hmc5883l.o(i.HMC5883L_I2C_BufferRead) refers to stm32f4xx_i2c.o(i.I2C_Send7bitAddress) for I2C_Send7bitAddress
    hmc5883l.o(i.HMC5883L_I2C_BufferRead) refers to stm32f4xx_i2c.o(i.I2C_Cmd) for I2C_Cmd
    hmc5883l.o(i.HMC5883L_I2C_BufferRead) refers to stm32f4xx_i2c.o(i.I2C_SendData) for I2C_SendData
    hmc5883l.o(i.HMC5883L_I2C_BufferRead) refers to stm32f4xx_i2c.o(i.I2C_AcknowledgeConfig) for I2C_AcknowledgeConfig
    hmc5883l.o(i.HMC5883L_I2C_BufferRead) refers to stm32f4xx_i2c.o(i.I2C_GenerateSTOP) for I2C_GenerateSTOP
    hmc5883l.o(i.HMC5883L_I2C_BufferRead) refers to stm32f4xx_i2c.o(i.I2C_ReceiveData) for I2C_ReceiveData
    hmc5883l.o(i.HMC5883L_I2C_ByteWrite) refers to stm32f4xx_i2c.o(i.I2C_GenerateSTART) for I2C_GenerateSTART
    hmc5883l.o(i.HMC5883L_I2C_ByteWrite) refers to stm32f4xx_i2c.o(i.I2C_CheckEvent) for I2C_CheckEvent
    hmc5883l.o(i.HMC5883L_I2C_ByteWrite) refers to stm32f4xx_i2c.o(i.I2C_Send7bitAddress) for I2C_Send7bitAddress
    hmc5883l.o(i.HMC5883L_I2C_ByteWrite) refers to stm32f4xx_i2c.o(i.I2C_SendData) for I2C_SendData
    hmc5883l.o(i.HMC5883L_I2C_ByteWrite) refers to stm32f4xx_i2c.o(i.I2C_GenerateSTOP) for I2C_GenerateSTOP
    hmc5883l.o(i.HMC5883L_Initialize) refers to hmc5883l.o(i.HMC5883L_I2C_ByteWrite) for HMC5883L_I2C_ByteWrite
    hmc5883l.o(i.HMC5883L_Initialize) refers to hmc5883l.o(i.HMC5883L_SetGain) for HMC5883L_SetGain
    hmc5883l.o(i.HMC5883L_Initialize) refers to hmc5883l.o(i.HMC5883L_SetMode) for HMC5883L_SetMode
    hmc5883l.o(i.HMC5883L_ReadBit) refers to hmc5883l.o(i.HMC5883L_I2C_BufferRead) for HMC5883L_I2C_BufferRead
    hmc5883l.o(i.HMC5883L_ReadBits) refers to hmc5883l.o(i.HMC5883L_I2C_BufferRead) for HMC5883L_I2C_BufferRead
    hmc5883l.o(i.HMC5883L_SetDataRate) refers to hmc5883l.o(i.HMC5883L_WriteBits) for HMC5883L_WriteBits
    hmc5883l.o(i.HMC5883L_SetGain) refers to hmc5883l.o(i.HMC5883L_I2C_ByteWrite) for HMC5883L_I2C_ByteWrite
    hmc5883l.o(i.HMC5883L_SetMeasurementBias) refers to hmc5883l.o(i.HMC5883L_WriteBits) for HMC5883L_WriteBits
    hmc5883l.o(i.HMC5883L_SetMode) refers to hmc5883l.o(i.HMC5883L_I2C_ByteWrite) for HMC5883L_I2C_ByteWrite
    hmc5883l.o(i.HMC5883L_SetMode) refers to hmc5883l.o(.data) for .data
    hmc5883l.o(i.HMC5883L_SetSampleAveraging) refers to hmc5883l.o(i.HMC5883L_WriteBits) for HMC5883L_WriteBits
    hmc5883l.o(i.HMC5883L_TestConnection) refers to hmc5883l.o(i.HMC5883L_I2C_BufferRead) for HMC5883L_I2C_BufferRead
    hmc5883l.o(i.HMC5883L_WriteBit) refers to hmc5883l.o(i.HMC5883L_I2C_BufferRead) for HMC5883L_I2C_BufferRead
    hmc5883l.o(i.HMC5883L_WriteBit) refers to hmc5883l.o(i.HMC5883L_I2C_ByteWrite) for HMC5883L_I2C_ByteWrite
    hmc5883l.o(i.HMC5883L_WriteBits) refers to hmc5883l.o(i.HMC5883L_I2C_BufferRead) for HMC5883L_I2C_BufferRead
    hmc5883l.o(i.HMC5883L_WriteBits) refers to hmc5883l.o(i.HMC5883L_I2C_ByteWrite) for HMC5883L_I2C_ByteWrite
    mpu6050.o(i.MPU6050_GetDeviceID) refers to mpu6050.o(i.MPU6050_ReadBits) for MPU6050_ReadBits
    mpu6050.o(i.MPU6050_GetFullScaleAccelRange) refers to mpu6050.o(i.MPU6050_ReadBits) for MPU6050_ReadBits
    mpu6050.o(i.MPU6050_GetFullScaleGyroRange) refers to mpu6050.o(i.MPU6050_ReadBits) for MPU6050_ReadBits
    mpu6050.o(i.MPU6050_GetRawAccelTempGyro) refers to mpu6050.o(i.MPU6050_I2C_BufferRead) for MPU6050_I2C_BufferRead
    mpu6050.o(i.MPU6050_GetSleepModeStatus) refers to mpu6050.o(i.MPU6050_ReadBit) for MPU6050_ReadBit
    mpu6050.o(i.MPU6050_I2C_BufferRead) refers to stm32f4xx_i2c.o(i.I2C_GetFlagStatus) for I2C_GetFlagStatus
    mpu6050.o(i.MPU6050_I2C_BufferRead) refers to stm32f4xx_i2c.o(i.I2C_GenerateSTART) for I2C_GenerateSTART
    mpu6050.o(i.MPU6050_I2C_BufferRead) refers to stm32f4xx_i2c.o(i.I2C_CheckEvent) for I2C_CheckEvent
    mpu6050.o(i.MPU6050_I2C_BufferRead) refers to stm32f4xx_i2c.o(i.I2C_Send7bitAddress) for I2C_Send7bitAddress
    mpu6050.o(i.MPU6050_I2C_BufferRead) refers to stm32f4xx_i2c.o(i.I2C_Cmd) for I2C_Cmd
    mpu6050.o(i.MPU6050_I2C_BufferRead) refers to stm32f4xx_i2c.o(i.I2C_SendData) for I2C_SendData
    mpu6050.o(i.MPU6050_I2C_BufferRead) refers to stm32f4xx_i2c.o(i.I2C_AcknowledgeConfig) for I2C_AcknowledgeConfig
    mpu6050.o(i.MPU6050_I2C_BufferRead) refers to stm32f4xx_i2c.o(i.I2C_GenerateSTOP) for I2C_GenerateSTOP
    mpu6050.o(i.MPU6050_I2C_BufferRead) refers to stm32f4xx_i2c.o(i.I2C_ReceiveData) for I2C_ReceiveData
    mpu6050.o(i.MPU6050_I2C_ByteWrite) refers to stm32f4xx_i2c.o(i.I2C_GenerateSTART) for I2C_GenerateSTART
    mpu6050.o(i.MPU6050_I2C_ByteWrite) refers to stm32f4xx_i2c.o(i.I2C_CheckEvent) for I2C_CheckEvent
    mpu6050.o(i.MPU6050_I2C_ByteWrite) refers to stm32f4xx_i2c.o(i.I2C_Send7bitAddress) for I2C_Send7bitAddress
    mpu6050.o(i.MPU6050_I2C_ByteWrite) refers to stm32f4xx_i2c.o(i.I2C_SendData) for I2C_SendData
    mpu6050.o(i.MPU6050_I2C_ByteWrite) refers to stm32f4xx_i2c.o(i.I2C_GenerateSTOP) for I2C_GenerateSTOP
    mpu6050.o(i.MPU6050_Initialize) refers to mpu6050.o(i.MPU6050_SetClockSource) for MPU6050_SetClockSource
    mpu6050.o(i.MPU6050_Initialize) refers to mpu6050.o(i.MPU6050_SetFullScaleGyroRange) for MPU6050_SetFullScaleGyroRange
    mpu6050.o(i.MPU6050_Initialize) refers to mpu6050.o(i.MPU6050_SetFullScaleAccelRange) for MPU6050_SetFullScaleAccelRange
    mpu6050.o(i.MPU6050_Initialize) refers to mpu6050.o(i.MPU6050_SetSleepModeStatus) for MPU6050_SetSleepModeStatus
    mpu6050.o(i.MPU6050_ReadBit) refers to mpu6050.o(i.MPU6050_I2C_BufferRead) for MPU6050_I2C_BufferRead
    mpu6050.o(i.MPU6050_ReadBits) refers to mpu6050.o(i.MPU6050_I2C_BufferRead) for MPU6050_I2C_BufferRead
    mpu6050.o(i.MPU6050_SetClockSource) refers to mpu6050.o(i.MPU6050_WriteBits) for MPU6050_WriteBits
    mpu6050.o(i.MPU6050_SetFullScaleAccelRange) refers to mpu6050.o(i.MPU6050_WriteBits) for MPU6050_WriteBits
    mpu6050.o(i.MPU6050_SetFullScaleGyroRange) refers to mpu6050.o(i.MPU6050_WriteBits) for MPU6050_WriteBits
    mpu6050.o(i.MPU6050_SetSleepModeStatus) refers to mpu6050.o(i.MPU6050_WriteBit) for MPU6050_WriteBit
    mpu6050.o(i.MPU6050_TestConnection) refers to mpu6050.o(i.MPU6050_GetDeviceID) for MPU6050_GetDeviceID
    mpu6050.o(i.MPU6050_WriteBit) refers to mpu6050.o(i.MPU6050_I2C_BufferRead) for MPU6050_I2C_BufferRead
    mpu6050.o(i.MPU6050_WriteBit) refers to mpu6050.o(i.MPU6050_I2C_ByteWrite) for MPU6050_I2C_ByteWrite
    mpu6050.o(i.MPU6050_WriteBits) refers to mpu6050.o(i.MPU6050_I2C_BufferRead) for MPU6050_I2C_BufferRead
    mpu6050.o(i.MPU6050_WriteBits) refers to mpu6050.o(i.MPU6050_I2C_ByteWrite) for MPU6050_I2C_ByteWrite
    entry.o(.ARM.Collect$$$$00000000) refers (Special) to entry10a.o(.ARM.Collect$$$$0000000D) for __rt_final_cpp
    entry.o(.ARM.Collect$$$$00000000) refers (Special) to entry11a.o(.ARM.Collect$$$$0000000F) for __rt_final_exit
    entry.o(.ARM.Collect$$$$00000000) refers (Special) to entry7b.o(.ARM.Collect$$$$00000008) for _main_clock
    entry.o(.ARM.Collect$$$$00000000) refers (Special) to entry8b.o(.ARM.Collect$$$$0000000A) for _main_cpp_init
    entry.o(.ARM.Collect$$$$00000000) refers (Special) to entry9a.o(.ARM.Collect$$$$0000000B) for _main_init
    entry.o(.ARM.Collect$$$$00000000) refers (Special) to entry5.o(.ARM.Collect$$$$00000004) for _main_scatterload
    entry.o(.ARM.Collect$$$$00000000) refers (Special) to entry2.o(.ARM.Collect$$$$00000001) for _main_stk
    entry2.o(.ARM.Collect$$$$00000001) refers to entry2.o(.ARM.Collect$$$$00002712) for __lit__00000000
    entry2.o(.ARM.Collect$$$$00002712) refers to startup_stm32f4xx.o(STACK) for __initial_sp
    entry2.o(__vectab_stack_and_reset_area) refers to startup_stm32f4xx.o(STACK) for __initial_sp
    entry2.o(__vectab_stack_and_reset_area) refers to entry.o(.ARM.Collect$$$$00000000) for __main
    entry5.o(.ARM.Collect$$$$00000004) refers to init.o(.text) for __scatterload
    entry9a.o(.ARM.Collect$$$$0000000B) refers to main.o(i.main) for main
    entry9b.o(.ARM.Collect$$$$0000000C) refers to main.o(i.main) for main
    init.o(.text) refers to entry5.o(.ARM.Collect$$$$00000004) for __main_after_scatterload


==============================================================================

Removing Unused input sections from the image.

    Removing stm32f4xx_it.o(.emb_text), (8 bytes).
    Removing main.o(.emb_text), (8 bytes).
    Removing main.o(i.Delay), (12 bytes).
    Removing system_stm32f4xx.o(.emb_text), (8 bytes).
    Removing system_stm32f4xx.o(i.SystemCoreClockUpdate), (120 bytes).
    Removing system_stm32f4xx.o(.data), (20 bytes).
    Removing startup_stm32f4xx.o(HEAP), (512 bytes).
    Removing misc.o(.emb_text), (8 bytes).
    Removing misc.o(i.NVIC_Init), (100 bytes).
    Removing misc.o(i.NVIC_PriorityGroupConfig), (20 bytes).
    Removing misc.o(i.NVIC_SetVectorTable), (20 bytes).
    Removing misc.o(i.NVIC_SystemLPConfig), (24 bytes).
    Removing misc.o(i.SysTick_CLKSourceConfig), (24 bytes).
    Removing stm32f4xx_gpio.o(.emb_text), (8 bytes).
    Removing stm32f4xx_gpio.o(i.GPIO_DeInit), (228 bytes).
    Removing stm32f4xx_gpio.o(i.GPIO_PinLockConfig), (24 bytes).
    Removing stm32f4xx_gpio.o(i.GPIO_ReadInputData), (6 bytes).
    Removing stm32f4xx_gpio.o(i.GPIO_ReadInputDataBit), (14 bytes).
    Removing stm32f4xx_gpio.o(i.GPIO_ReadOutputData), (6 bytes).
    Removing stm32f4xx_gpio.o(i.GPIO_ReadOutputDataBit), (14 bytes).
    Removing stm32f4xx_gpio.o(i.GPIO_ResetBits), (4 bytes).
    Removing stm32f4xx_gpio.o(i.GPIO_SetBits), (4 bytes).
    Removing stm32f4xx_gpio.o(i.GPIO_StructInit), (18 bytes).
    Removing stm32f4xx_gpio.o(i.GPIO_ToggleBits), (8 bytes).
    Removing stm32f4xx_gpio.o(i.GPIO_Write), (4 bytes).
    Removing stm32f4xx_gpio.o(i.GPIO_WriteBit), (10 bytes).
    Removing stm32f4xx_rcc.o(.emb_text), (8 bytes).
    Removing stm32f4xx_rcc.o(i.RCC_AHB1PeriphClockLPModeCmd), (24 bytes).
    Removing stm32f4xx_rcc.o(i.RCC_AHB1PeriphResetCmd), (24 bytes).
    Removing stm32f4xx_rcc.o(i.RCC_AHB2PeriphClockCmd), (24 bytes).
    Removing stm32f4xx_rcc.o(i.RCC_AHB2PeriphClockLPModeCmd), (24 bytes).
    Removing stm32f4xx_rcc.o(i.RCC_AHB2PeriphResetCmd), (24 bytes).
    Removing stm32f4xx_rcc.o(i.RCC_AHB3PeriphClockCmd), (24 bytes).
    Removing stm32f4xx_rcc.o(i.RCC_AHB3PeriphClockLPModeCmd), (24 bytes).
    Removing stm32f4xx_rcc.o(i.RCC_AHB3PeriphResetCmd), (24 bytes).
    Removing stm32f4xx_rcc.o(i.RCC_APB1PeriphClockLPModeCmd), (24 bytes).
    Removing stm32f4xx_rcc.o(i.RCC_APB2PeriphClockCmd), (24 bytes).
    Removing stm32f4xx_rcc.o(i.RCC_APB2PeriphClockLPModeCmd), (24 bytes).
    Removing stm32f4xx_rcc.o(i.RCC_APB2PeriphResetCmd), (24 bytes).
    Removing stm32f4xx_rcc.o(i.RCC_AdjustHSICalibrationValue), (20 bytes).
    Removing stm32f4xx_rcc.o(i.RCC_BackupResetCmd), (12 bytes).
    Removing stm32f4xx_rcc.o(i.RCC_ClearFlag), (16 bytes).
    Removing stm32f4xx_rcc.o(i.RCC_ClearITPendingBit), (12 bytes).
    Removing stm32f4xx_rcc.o(i.RCC_ClockSecuritySystemCmd), (12 bytes).
    Removing stm32f4xx_rcc.o(i.RCC_DeInit), (60 bytes).
    Removing stm32f4xx_rcc.o(i.RCC_GetFlagStatus), (52 bytes).
    Removing stm32f4xx_rcc.o(i.RCC_GetITStatus), (20 bytes).
    Removing stm32f4xx_rcc.o(i.RCC_GetSYSCLKSource), (16 bytes).
    Removing stm32f4xx_rcc.o(i.RCC_HCLKConfig), (20 bytes).
    Removing stm32f4xx_rcc.o(i.RCC_HSEConfig), (16 bytes).
    Removing stm32f4xx_rcc.o(i.RCC_HSICmd), (12 bytes).
    Removing stm32f4xx_rcc.o(i.RCC_I2SCLKConfig), (12 bytes).
    Removing stm32f4xx_rcc.o(i.RCC_ITConfig), (24 bytes).
    Removing stm32f4xx_rcc.o(i.RCC_LSEConfig), (28 bytes).
    Removing stm32f4xx_rcc.o(i.RCC_LSICmd), (12 bytes).
    Removing stm32f4xx_rcc.o(i.RCC_MCO1Config), (20 bytes).
    Removing stm32f4xx_rcc.o(i.RCC_MCO2Config), (20 bytes).
    Removing stm32f4xx_rcc.o(i.RCC_PCLK1Config), (20 bytes).
    Removing stm32f4xx_rcc.o(i.RCC_PCLK2Config), (20 bytes).
    Removing stm32f4xx_rcc.o(i.RCC_PLLCmd), (12 bytes).
    Removing stm32f4xx_rcc.o(i.RCC_PLLConfig), (40 bytes).
    Removing stm32f4xx_rcc.o(i.RCC_PLLI2SCmd), (12 bytes).
    Removing stm32f4xx_rcc.o(i.RCC_PLLI2SConfig), (16 bytes).
    Removing stm32f4xx_rcc.o(i.RCC_RTCCLKCmd), (12 bytes).
    Removing stm32f4xx_rcc.o(i.RCC_RTCCLKConfig), (48 bytes).
    Removing stm32f4xx_rcc.o(i.RCC_SYSCLKConfig), (20 bytes).
    Removing stm32f4xx_rcc.o(i.RCC_WaitForHSEStartUp), (44 bytes).
    Removing stm32f4xx_i2c.o(.emb_text), (8 bytes).
    Removing stm32f4xx_i2c.o(i.I2C_ARPCmd), (20 bytes).
    Removing stm32f4xx_i2c.o(i.I2C_CalculatePEC), (20 bytes).
    Removing stm32f4xx_i2c.o(i.I2C_ClearFlag), (6 bytes).
    Removing stm32f4xx_i2c.o(i.I2C_ClearITPendingBit), (6 bytes).
    Removing stm32f4xx_i2c.o(i.I2C_DMACmd), (20 bytes).
    Removing stm32f4xx_i2c.o(i.I2C_DMALastTransferCmd), (20 bytes).
    Removing stm32f4xx_i2c.o(i.I2C_DualAddressCmd), (20 bytes).
    Removing stm32f4xx_i2c.o(i.I2C_FastModeDutyCycleConfig), (22 bytes).
    Removing stm32f4xx_i2c.o(i.I2C_GeneralCallCmd), (20 bytes).
    Removing stm32f4xx_i2c.o(i.I2C_GetITStatus), (36 bytes).
    Removing stm32f4xx_i2c.o(i.I2C_GetLastEvent), (14 bytes).
    Removing stm32f4xx_i2c.o(i.I2C_GetPEC), (6 bytes).
    Removing stm32f4xx_i2c.o(i.I2C_ITConfig), (16 bytes).
    Removing stm32f4xx_i2c.o(i.I2C_NACKPositionConfig), (22 bytes).
    Removing stm32f4xx_i2c.o(i.I2C_OwnAddress2Config), (16 bytes).
    Removing stm32f4xx_i2c.o(i.I2C_PECPositionConfig), (22 bytes).
    Removing stm32f4xx_i2c.o(i.I2C_ReadRegister), (10 bytes).
    Removing stm32f4xx_i2c.o(i.I2C_SMBusAlertConfig), (22 bytes).
    Removing stm32f4xx_i2c.o(i.I2C_SoftwareResetCmd), (20 bytes).
    Removing stm32f4xx_i2c.o(i.I2C_StretchClockCmd), (20 bytes).
    Removing stm32f4xx_i2c.o(i.I2C_StructInit), (28 bytes).
    Removing stm32f4xx_i2c.o(i.I2C_TransmitPEC), (20 bytes).
    Removing hmc5883l.o(.emb_text), (8 bytes).
    Removing hmc5883l.o(i.HMC5883L_GetDataRate), (24 bytes).
    Removing hmc5883l.o(i.HMC5883L_GetGain), (24 bytes).
    Removing hmc5883l.o(i.HMC5883L_GetLockStatus), (26 bytes).
    Removing hmc5883l.o(i.HMC5883L_GetMeasurementBias), (24 bytes).
    Removing hmc5883l.o(i.HMC5883L_GetMode), (24 bytes).
    Removing hmc5883l.o(i.HMC5883L_GetReadyStatus), (26 bytes).
    Removing hmc5883l.o(i.HMC5883L_GetSampleAveraging), (24 bytes).
    Removing hmc5883l.o(i.HMC5883L_I2C_Init), (2 bytes).
    Removing hmc5883l.o(i.HMC5883L_ReadBit), (30 bytes).
    Removing hmc5883l.o(i.HMC5883L_ReadBits), (48 bytes).
    Removing hmc5883l.o(i.HMC5883L_SetDataRate), (18 bytes).
    Removing hmc5883l.o(i.HMC5883L_SetMeasurementBias), (18 bytes).
    Removing hmc5883l.o(i.HMC5883L_SetSampleAveraging), (18 bytes).
    Removing hmc5883l.o(i.HMC5883L_TestConnection), (50 bytes).
    Removing hmc5883l.o(i.HMC5883L_WriteBit), (54 bytes).
    Removing hmc5883l.o(i.HMC5883L_WriteBits), (66 bytes).
    Removing mpu6050.o(.emb_text), (8 bytes).
    Removing mpu6050.o(i.MPU6050_GetDeviceID), (24 bytes).
    Removing mpu6050.o(i.MPU6050_GetFullScaleAccelRange), (24 bytes).
    Removing mpu6050.o(i.MPU6050_GetFullScaleGyroRange), (24 bytes).
    Removing mpu6050.o(i.MPU6050_GetSleepModeStatus), (26 bytes).
    Removing mpu6050.o(i.MPU6050_I2C_Init), (2 bytes).
    Removing mpu6050.o(i.MPU6050_ReadBit), (30 bytes).
    Removing mpu6050.o(i.MPU6050_ReadBits), (48 bytes).
    Removing mpu6050.o(i.MPU6050_TestConnection), (18 bytes).

116 unused section(s) (total 3258 bytes) removed from the image.

==============================================================================

Image Symbol Table

    Local Symbols

    Symbol Name                              Value     Ov Type        Size  Object(Section)

    ../clib/microlib/init/entry.s            0x00000000   Number         0  entry.o ABSOLUTE
    ../clib/microlib/init/entry.s            0x00000000   Number         0  entry8a.o ABSOLUTE
    ../clib/microlib/init/entry.s            0x00000000   Number         0  entry11b.o ABSOLUTE
    ../clib/microlib/init/entry.s            0x00000000   Number         0  entry11a.o ABSOLUTE
    ../clib/microlib/init/entry.s            0x00000000   Number         0  entry10b.o ABSOLUTE
    ../clib/microlib/init/entry.s            0x00000000   Number         0  entry8b.o ABSOLUTE
    ../clib/microlib/init/entry.s            0x00000000   Number         0  entry10a.o ABSOLUTE
    ../clib/microlib/init/entry.s            0x00000000   Number         0  entry9b.o ABSOLUTE
    ../clib/microlib/init/entry.s            0x00000000   Number         0  entry9a.o ABSOLUTE
    ../clib/microlib/init/entry.s            0x00000000   Number         0  entry7b.o ABSOLUTE
    ../clib/microlib/init/entry.s            0x00000000   Number         0  entry7a.o ABSOLUTE
    ../clib/microlib/init/entry.s            0x00000000   Number         0  entry5.o ABSOLUTE
    ../clib/microlib/init/entry.s            0x00000000   Number         0  entry2.o ABSOLUTE
    ..\Libraries\CMSIS\Device\ST\STM32F4xx\Source\Templates\arm\startup_stm32f4xx.s 0x00000000   Number         0  startup_stm32f4xx.o ABSOLUTE
    ..\Libraries\STM32F4xx_StdPeriph_Driver\src\misc.c 0x00000000   Number         0  misc.o ABSOLUTE
    ..\Libraries\STM32F4xx_StdPeriph_Driver\src\stm32f4xx_gpio.c 0x00000000   Number         0  stm32f4xx_gpio.o ABSOLUTE
    ..\Libraries\STM32F4xx_StdPeriph_Driver\src\stm32f4xx_i2c.c 0x00000000   Number         0  stm32f4xx_i2c.o ABSOLUTE
    ..\Libraries\STM32F4xx_StdPeriph_Driver\src\stm32f4xx_rcc.c 0x00000000   Number         0  stm32f4xx_rcc.o ABSOLUTE
    ..\\Libraries\\STM32F4xx_StdPeriph_Driver\\src\\misc.c 0x00000000   Number         0  misc.o ABSOLUTE
    ..\\Libraries\\STM32F4xx_StdPeriph_Driver\\src\\stm32f4xx_gpio.c 0x00000000   Number         0  stm32f4xx_gpio.o ABSOLUTE
    ..\\Libraries\\STM32F4xx_StdPeriph_Driver\\src\\stm32f4xx_i2c.c 0x00000000   Number         0  stm32f4xx_i2c.o ABSOLUTE
    ..\\Libraries\\STM32F4xx_StdPeriph_Driver\\src\\stm32f4xx_rcc.c 0x00000000   Number         0  stm32f4xx_rcc.o ABSOLUTE
    ..\\main.c                               0x00000000   Number         0  main.o ABSOLUTE
    ..\\sensor\\HMC5883L.c                   0x00000000   Number         0  hmc5883l.o ABSOLUTE
    ..\\sensor\\MPU6050.c                    0x00000000   Number         0  mpu6050.o ABSOLUTE
    ..\\stm32f4xx_it.c                       0x00000000   Number         0  stm32f4xx_it.o ABSOLUTE
    ..\\system_stm32f4xx.c                   0x00000000   Number         0  system_stm32f4xx.o ABSOLUTE
    ..\main.c                                0x00000000   Number         0  main.o ABSOLUTE
    ..\sensor\HMC5883L.c                     0x00000000   Number         0  hmc5883l.o ABSOLUTE
    ..\sensor\MPU6050.c                      0x00000000   Number         0  mpu6050.o ABSOLUTE
    ..\stm32f4xx_it.c                        0x00000000   Number         0  stm32f4xx_it.o ABSOLUTE
    ..\system_stm32f4xx.c                    0x00000000   Number         0  system_stm32f4xx.o ABSOLUTE
    dc.s                                     0x00000000   Number         0  dc.o ABSOLUTE
    handlers.s                               0x00000000   Number         0  handlers.o ABSOLUTE
    init.s                                   0x00000000   Number         0  init.o ABSOLUTE
    RESET                                    0x08000000   Section      392  startup_stm32f4xx.o(RESET)
    .ARM.Collect$$$$00000000                 0x08000188   Section        0  entry.o(.ARM.Collect$$$$00000000)
    .ARM.Collect$$$$00000001                 0x08000188   Section        4  entry2.o(.ARM.Collect$$$$00000001)
    .ARM.Collect$$$$00000004                 0x0800018c   Section        4  entry5.o(.ARM.Collect$$$$00000004)
    .ARM.Collect$$$$00000008                 0x08000190   Section        0  entry7b.o(.ARM.Collect$$$$00000008)
    .ARM.Collect$$$$0000000A                 0x08000190   Section        0  entry8b.o(.ARM.Collect$$$$0000000A)
    .ARM.Collect$$$$0000000B                 0x08000190   Section        8  entry9a.o(.ARM.Collect$$$$0000000B)
    .ARM.Collect$$$$0000000D                 0x08000198   Section        0  entry10a.o(.ARM.Collect$$$$0000000D)
    .ARM.Collect$$$$0000000F                 0x08000198   Section        0  entry11a.o(.ARM.Collect$$$$0000000F)
    .ARM.Collect$$$$00002712                 0x08000198   Section        4  entry2.o(.ARM.Collect$$$$00002712)
    __lit__00000000                          0x08000198   Data           4  entry2.o(.ARM.Collect$$$$00002712)
    .text                                    0x0800019c   Section       36  startup_stm32f4xx.o(.text)
    $v0                                      0x0800019c   Number         0  startup_stm32f4xx.o(.text)
    .text                                    0x080001c0   Section       36  init.o(.text)
    i.BusFault_Handler                       0x080001e4   Section        0  stm32f4xx_it.o(i.BusFault_Handler)
    i.DebugMon_Handler                       0x080001e6   Section        0  stm32f4xx_it.o(i.DebugMon_Handler)
    i.GPIO_Init                              0x080001e8   Section        0  stm32f4xx_gpio.o(i.GPIO_Init)
    i.GPIO_PinAFConfig                       0x0800028a   Section        0  stm32f4xx_gpio.o(i.GPIO_PinAFConfig)
    i.HMC5883L_GetHeading                    0x080002ac   Section        0  hmc5883l.o(i.HMC5883L_GetHeading)
    i.HMC5883L_I2C_BufferRead                0x080002f8   Section        0  hmc5883l.o(i.HMC5883L_I2C_BufferRead)
    i.HMC5883L_I2C_ByteWrite                 0x080003e8   Section        0  hmc5883l.o(i.HMC5883L_I2C_ByteWrite)
    i.HMC5883L_Initialize                    0x08000468   Section        0  hmc5883l.o(i.HMC5883L_Initialize)
    i.HMC5883L_SetGain                       0x08000488   Section        0  hmc5883l.o(i.HMC5883L_SetGain)
    i.HMC5883L_SetMode                       0x0800049c   Section        0  hmc5883l.o(i.HMC5883L_SetMode)
    i.HardFault_Handler                      0x080004bc   Section        0  stm32f4xx_it.o(i.HardFault_Handler)
    i.I2C_AcknowledgeConfig                  0x080004be   Section        0  stm32f4xx_i2c.o(i.I2C_AcknowledgeConfig)
    i.I2C_CheckEvent                         0x080004d2   Section        0  stm32f4xx_i2c.o(i.I2C_CheckEvent)
    i.I2C_Cmd                                0x080004ea   Section        0  stm32f4xx_i2c.o(i.I2C_Cmd)
    i.I2C_Configuration                      0x08000500   Section        0  main.o(i.I2C_Configuration)
    i.I2C_DeInit                             0x08000598   Section        0  stm32f4xx_i2c.o(i.I2C_DeInit)
    i.I2C_GenerateSTART                      0x080005dc   Section        0  stm32f4xx_i2c.o(i.I2C_GenerateSTART)
    i.I2C_GenerateSTOP                       0x080005f0   Section        0  stm32f4xx_i2c.o(i.I2C_GenerateSTOP)
    i.I2C_GetFlagStatus                      0x08000604   Section        0  stm32f4xx_i2c.o(i.I2C_GetFlagStatus)
    i.I2C_Init                               0x08000630   Section        0  stm32f4xx_i2c.o(i.I2C_Init)
    i.I2C_ReceiveData                        0x080006e8   Section        0  stm32f4xx_i2c.o(i.I2C_ReceiveData)
    i.I2C_Send7bitAddress                    0x080006ee   Section        0  stm32f4xx_i2c.o(i.I2C_Send7bitAddress)
    i.I2C_SendData                           0x080006fe   Section        0  stm32f4xx_i2c.o(i.I2C_SendData)
    i.MPU6050_GetRawAccelTempGyro            0x08000702   Section        0  mpu6050.o(i.MPU6050_GetRawAccelTempGyro)
    i.MPU6050_I2C_BufferRead                 0x0800072c   Section        0  mpu6050.o(i.MPU6050_I2C_BufferRead)
    i.MPU6050_I2C_ByteWrite                  0x0800081c   Section        0  mpu6050.o(i.MPU6050_I2C_ByteWrite)
    i.MPU6050_Initialize                     0x0800089c   Section        0  mpu6050.o(i.MPU6050_Initialize)
    i.MPU6050_SetClockSource                 0x080008ba   Section        0  mpu6050.o(i.MPU6050_SetClockSource)
    i.MPU6050_SetFullScaleAccelRange         0x080008cc   Section        0  mpu6050.o(i.MPU6050_SetFullScaleAccelRange)
    i.MPU6050_SetFullScaleGyroRange          0x080008de   Section        0  mpu6050.o(i.MPU6050_SetFullScaleGyroRange)
    i.MPU6050_SetSleepModeStatus             0x080008f0   Section        0  mpu6050.o(i.MPU6050_SetSleepModeStatus)
    i.MPU6050_WriteBit                       0x080008fc   Section        0  mpu6050.o(i.MPU6050_WriteBit)
    i.MPU6050_WriteBits                      0x08000932   Section        0  mpu6050.o(i.MPU6050_WriteBits)
    i.MemManage_Handler                      0x08000974   Section        0  stm32f4xx_it.o(i.MemManage_Handler)
    i.NMI_Handler                            0x08000976   Section        0  stm32f4xx_it.o(i.NMI_Handler)
    i.PendSV_Handler                         0x08000978   Section        0  stm32f4xx_it.o(i.PendSV_Handler)
    i.RCC_AHB1PeriphClockCmd                 0x0800097c   Section        0  stm32f4xx_rcc.o(i.RCC_AHB1PeriphClockCmd)
    i.RCC_APB1PeriphClockCmd                 0x08000994   Section        0  stm32f4xx_rcc.o(i.RCC_APB1PeriphClockCmd)
    i.RCC_APB1PeriphResetCmd                 0x080009ac   Section        0  stm32f4xx_rcc.o(i.RCC_APB1PeriphResetCmd)
    i.RCC_GetClocksFreq                      0x080009c4   Section        0  stm32f4xx_rcc.o(i.RCC_GetClocksFreq)
    i.SVC_Handler                            0x08000a54   Section        0  stm32f4xx_it.o(i.SVC_Handler)
    i.SetSysClock                            0x08000a58   Section        0  system_stm32f4xx.o(i.SetSysClock)
    SetSysClock                              0x08000a59   Thumb Code   162  system_stm32f4xx.o(i.SetSysClock)
    i.SysTick_Handler                        0x08000b0c   Section        0  stm32f4xx_it.o(i.SysTick_Handler)
    i.SystemInit                             0x08000b10   Section        0  system_stm32f4xx.o(i.SystemInit)
    i.UsageFault_Handler                     0x08000b60   Section        0  stm32f4xx_it.o(i.UsageFault_Handler)
    i.__scatterload_copy                     0x08000b62   Section       14  handlers.o(i.__scatterload_copy)
    i.__scatterload_null                     0x08000b70   Section        2  handlers.o(i.__scatterload_null)
    i.__scatterload_zeroinit                 0x08000b72   Section       14  handlers.o(i.__scatterload_zeroinit)
    i.main                                   0x08000b80   Section        0  main.o(i.main)
    .data                                    0x20000000   Section        6  main.o(.data)
    .data                                    0x20000006   Section       16  stm32f4xx_rcc.o(.data)
    APBAHBPrescTable                         0x20000006   Data          16  stm32f4xx_rcc.o(.data)
    .data                                    0x20000016   Section        1  hmc5883l.o(.data)
    .bss                                     0x20000018   Section       14  main.o(.bss)
    STACK                                    0x20000028   Section     1024  startup_stm32f4xx.o(STACK)

    Global Symbols

    Symbol Name                              Value     Ov Type        Size  Object(Section)

    BuildAttributes$$THM_ISAv4$E$P$D$K$B$S$7EM$VFPi3$EXTD16$VFPS$VFMA$PE$A:L22UL41UL21$X:L11$S22US41US21$IEEE1$IW$USESV6$~STKCKD$USESV7$~SHL$OSPACE$EBA8$MICROLIB$REQ8$PRES8$EABIv2 0x00000000   Number         0  anon$$obj.o ABSOLUTE
    __ARM_use_no_argv                        0x00000000   Number         0  main.o ABSOLUTE
    __cpp_initialize__aeabi_                  - Undefined Weak Reference
    __cxa_finalize                            - Undefined Weak Reference
    __decompress                              - Undefined Weak Reference
    _clock_init                               - Undefined Weak Reference
    _microlib_exit                            - Undefined Weak Reference
    __Vectors_Size                           0x00000188   Number         0  startup_stm32f4xx.o ABSOLUTE
    __Vectors                                0x08000000   Data           4  startup_stm32f4xx.o(RESET)
    __Vectors_End                            0x08000188   Data           0  startup_stm32f4xx.o(RESET)
    __main                                   0x08000189   Thumb Code     0  entry.o(.ARM.Collect$$$$00000000)
    _main_stk                                0x08000189   Thumb Code     0  entry2.o(.ARM.Collect$$$$00000001)
    _main_scatterload                        0x0800018d   Thumb Code     0  entry5.o(.ARM.Collect$$$$00000004)
    __main_after_scatterload                 0x08000191   Thumb Code     0  entry5.o(.ARM.Collect$$$$00000004)
    _main_clock                              0x08000191   Thumb Code     0  entry7b.o(.ARM.Collect$$$$00000008)
    _main_cpp_init                           0x08000191   Thumb Code     0  entry8b.o(.ARM.Collect$$$$0000000A)
    _main_init                               0x08000191   Thumb Code     0  entry9a.o(.ARM.Collect$$$$0000000B)
    __rt_final_cpp                           0x08000199   Thumb Code     0  entry10a.o(.ARM.Collect$$$$0000000D)
    __rt_final_exit                          0x08000199   Thumb Code     0  entry11a.o(.ARM.Collect$$$$0000000F)
    Reset_Handler                            0x0800019d   Thumb Code     8  startup_stm32f4xx.o(.text)
    ADC_IRQHandler                           0x080001b7   Thumb Code     0  startup_stm32f4xx.o(.text)
    CAN1_RX0_IRQHandler                      0x080001b7   Thumb Code     0  startup_stm32f4xx.o(.text)
    CAN1_RX1_IRQHandler                      0x080001b7   Thumb Code     0  startup_stm32f4xx.o(.text)
    CAN1_SCE_IRQHandler                      0x080001b7   Thumb Code     0  startup_stm32f4xx.o(.text)
    CAN1_TX_IRQHandler                       0x080001b7   Thumb Code     0  startup_stm32f4xx.o(.text)
    CAN2_RX0_IRQHandler                      0x080001b7   Thumb Code     0  startup_stm32f4xx.o(.text)
    CAN2_RX1_IRQHandler                      0x080001b7   Thumb Code     0  startup_stm32f4xx.o(.text)
    CAN2_SCE_IRQHandler                      0x080001b7   Thumb Code     0  startup_stm32f4xx.o(.text)
    CAN2_TX_IRQHandler                       0x080001b7   Thumb Code     0  startup_stm32f4xx.o(.text)
    CRYP_IRQHandler                          0x080001b7   Thumb Code     0  startup_stm32f4xx.o(.text)
    DCMI_IRQHandler                          0x080001b7   Thumb Code     0  startup_stm32f4xx.o(.text)
    DMA1_Stream0_IRQHandler                  0x080001b7   Thumb Code     0  startup_stm32f4xx.o(.text)
    DMA1_Stream1_IRQHandler                  0x080001b7   Thumb Code     0  startup_stm32f4xx.o(.text)
    DMA1_Stream2_IRQHandler                  0x080001b7   Thumb Code     0  startup_stm32f4xx.o(.text)
    DMA1_Stream3_IRQHandler                  0x080001b7   Thumb Code     0  startup_stm32f4xx.o(.text)
    DMA1_Stream4_IRQHandler                  0x080001b7   Thumb Code     0  startup_stm32f4xx.o(.text)
    DMA1_Stream5_IRQHandler                  0x080001b7   Thumb Code     0  startup_stm32f4xx.o(.text)
    DMA1_Stream6_IRQHandler                  0x080001b7   Thumb Code     0  startup_stm32f4xx.o(.text)
    DMA1_Stream7_IRQHandler                  0x080001b7   Thumb Code     0  startup_stm32f4xx.o(.text)
    DMA2_Stream0_IRQHandler                  0x080001b7   Thumb Code     0  startup_stm32f4xx.o(.text)
    DMA2_Stream1_IRQHandler                  0x080001b7   Thumb Code     0  startup_stm32f4xx.o(.text)
    DMA2_Stream2_IRQHandler                  0x080001b7   Thumb Code     0  startup_stm32f4xx.o(.text)
    DMA2_Stream3_IRQHandler                  0x080001b7   Thumb Code     0  startup_stm32f4xx.o(.text)
    DMA2_Stream4_IRQHandler                  0x080001b7   Thumb Code     0  startup_stm32f4xx.o(.text)
    DMA2_Stream5_IRQHandler                  0x080001b7   Thumb Code     0  startup_stm32f4xx.o(.text)
    DMA2_Stream6_IRQHandler                  0x080001b7   Thumb Code     0  startup_stm32f4xx.o(.text)
    DMA2_Stream7_IRQHandler                  0x080001b7   Thumb Code     0  startup_stm32f4xx.o(.text)
    ETH_IRQHandler                           0x080001b7   Thumb Code     0  startup_stm32f4xx.o(.text)
    ETH_WKUP_IRQHandler                      0x080001b7   Thumb Code     0  startup_stm32f4xx.o(.text)
    EXTI0_IRQHandler                         0x080001b7   Thumb Code     0  startup_stm32f4xx.o(.text)
    EXTI15_10_IRQHandler                     0x080001b7   Thumb Code     0  startup_stm32f4xx.o(.text)
    EXTI1_IRQHandler                         0x080001b7   Thumb Code     0  startup_stm32f4xx.o(.text)
    EXTI2_IRQHandler                         0x080001b7   Thumb Code     0  startup_stm32f4xx.o(.text)
    EXTI3_IRQHandler                         0x080001b7   Thumb Code     0  startup_stm32f4xx.o(.text)
    EXTI4_IRQHandler                         0x080001b7   Thumb Code     0  startup_stm32f4xx.o(.text)
    EXTI9_5_IRQHandler                       0x080001b7   Thumb Code     0  startup_stm32f4xx.o(.text)
    FLASH_IRQHandler                         0x080001b7   Thumb Code     0  startup_stm32f4xx.o(.text)
    FPU_IRQHandler                           0x080001b7   Thumb Code     0  startup_stm32f4xx.o(.text)
    FSMC_IRQHandler                          0x080001b7   Thumb Code     0  startup_stm32f4xx.o(.text)
    HASH_RNG_IRQHandler                      0x080001b7   Thumb Code     0  startup_stm32f4xx.o(.text)
    I2C1_ER_IRQHandler                       0x080001b7   Thumb Code     0  startup_stm32f4xx.o(.text)
    I2C1_EV_IRQHandler                       0x080001b7   Thumb Code     0  startup_stm32f4xx.o(.text)
    I2C2_ER_IRQHandler                       0x080001b7   Thumb Code     0  startup_stm32f4xx.o(.text)
    I2C2_EV_IRQHandler                       0x080001b7   Thumb Code     0  startup_stm32f4xx.o(.text)
    I2C3_ER_IRQHandler                       0x080001b7   Thumb Code     0  startup_stm32f4xx.o(.text)
    I2C3_EV_IRQHandler                       0x080001b7   Thumb Code     0  startup_stm32f4xx.o(.text)
    OTG_FS_IRQHandler                        0x080001b7   Thumb Code     0  startup_stm32f4xx.o(.text)
    OTG_FS_WKUP_IRQHandler                   0x080001b7   Thumb Code     0  startup_stm32f4xx.o(.text)
    OTG_HS_EP1_IN_IRQHandler                 0x080001b7   Thumb Code     0  startup_stm32f4xx.o(.text)
    OTG_HS_EP1_OUT_IRQHandler                0x080001b7   Thumb Code     0  startup_stm32f4xx.o(.text)
    OTG_HS_IRQHandler                        0x080001b7   Thumb Code     0  startup_stm32f4xx.o(.text)
    OTG_HS_WKUP_IRQHandler                   0x080001b7   Thumb Code     0  startup_stm32f4xx.o(.text)
    PVD_IRQHandler                           0x080001b7   Thumb Code     0  startup_stm32f4xx.o(.text)
    RCC_IRQHandler                           0x080001b7   Thumb Code     0  startup_stm32f4xx.o(.text)
    RTC_Alarm_IRQHandler                     0x080001b7   Thumb Code     0  startup_stm32f4xx.o(.text)
    RTC_WKUP_IRQHandler                      0x080001b7   Thumb Code     0  startup_stm32f4xx.o(.text)
    SDIO_IRQHandler                          0x080001b7   Thumb Code     0  startup_stm32f4xx.o(.text)
    SPI1_IRQHandler                          0x080001b7   Thumb Code     0  startup_stm32f4xx.o(.text)
    SPI2_IRQHandler                          0x080001b7   Thumb Code     0  startup_stm32f4xx.o(.text)
    SPI3_IRQHandler                          0x080001b7   Thumb Code     0  startup_stm32f4xx.o(.text)
    TAMP_STAMP_IRQHandler                    0x080001b7   Thumb Code     0  startup_stm32f4xx.o(.text)
    TIM1_BRK_TIM9_IRQHandler                 0x080001b7   Thumb Code     0  startup_stm32f4xx.o(.text)
    TIM1_CC_IRQHandler                       0x080001b7   Thumb Code     0  startup_stm32f4xx.o(.text)
    TIM1_TRG_COM_TIM11_IRQHandler            0x080001b7   Thumb Code     0  startup_stm32f4xx.o(.text)
    TIM1_UP_TIM10_IRQHandler                 0x080001b7   Thumb Code     0  startup_stm32f4xx.o(.text)
    TIM2_IRQHandler                          0x080001b7   Thumb Code     0  startup_stm32f4xx.o(.text)
    TIM3_IRQHandler                          0x080001b7   Thumb Code     0  startup_stm32f4xx.o(.text)
    TIM4_IRQHandler                          0x080001b7   Thumb Code     0  startup_stm32f4xx.o(.text)
    TIM5_IRQHandler                          0x080001b7   Thumb Code     0  startup_stm32f4xx.o(.text)
    TIM6_DAC_IRQHandler                      0x080001b7   Thumb Code     0  startup_stm32f4xx.o(.text)
    TIM7_IRQHandler                          0x080001b7   Thumb Code     0  startup_stm32f4xx.o(.text)
    TIM8_BRK_TIM12_IRQHandler                0x080001b7   Thumb Code     0  startup_stm32f4xx.o(.text)
    TIM8_CC_IRQHandler                       0x080001b7   Thumb Code     0  startup_stm32f4xx.o(.text)
    TIM8_TRG_COM_TIM14_IRQHandler            0x080001b7   Thumb Code     0  startup_stm32f4xx.o(.text)
    TIM8_UP_TIM13_IRQHandler                 0x080001b7   Thumb Code     0  startup_stm32f4xx.o(.text)
    UART4_IRQHandler                         0x080001b7   Thumb Code     0  startup_stm32f4xx.o(.text)
    UART5_IRQHandler                         0x080001b7   Thumb Code     0  startup_stm32f4xx.o(.text)
    USART1_IRQHandler                        0x080001b7   Thumb Code     0  startup_stm32f4xx.o(.text)
    USART2_IRQHandler                        0x080001b7   Thumb Code     0  startup_stm32f4xx.o(.text)
    USART3_IRQHandler                        0x080001b7   Thumb Code     0  startup_stm32f4xx.o(.text)
    USART6_IRQHandler                        0x080001b7   Thumb Code     0  startup_stm32f4xx.o(.text)
    WWDG_IRQHandler                          0x080001b7   Thumb Code     0  startup_stm32f4xx.o(.text)
    __scatterload                            0x080001c1   Thumb Code    28  init.o(.text)
    __scatterload_rt2                        0x080001c1   Thumb Code     0  init.o(.text)
    BusFault_Handler                         0x080001e5   Thumb Code     2  stm32f4xx_it.o(i.BusFault_Handler)
    DebugMon_Handler                         0x080001e7   Thumb Code     2  stm32f4xx_it.o(i.DebugMon_Handler)
    GPIO_Init                                0x080001e9   Thumb Code   162  stm32f4xx_gpio.o(i.GPIO_Init)
    GPIO_PinAFConfig                         0x0800028b   Thumb Code    32  stm32f4xx_gpio.o(i.GPIO_PinAFConfig)
    HMC5883L_GetHeading                      0x080002ad   Thumb Code    72  hmc5883l.o(i.HMC5883L_GetHeading)
    HMC5883L_I2C_BufferRead                  0x080002f9   Thumb Code   226  hmc5883l.o(i.HMC5883L_I2C_BufferRead)
    HMC5883L_I2C_ByteWrite                   0x080003e9   Thumb Code   114  hmc5883l.o(i.HMC5883L_I2C_ByteWrite)
    HMC5883L_Initialize                      0x08000469   Thumb Code    32  hmc5883l.o(i.HMC5883L_Initialize)
    HMC5883L_SetGain                         0x08000489   Thumb Code    20  hmc5883l.o(i.HMC5883L_SetGain)
    HMC5883L_SetMode                         0x0800049d   Thumb Code    26  hmc5883l.o(i.HMC5883L_SetMode)
    HardFault_Handler                        0x080004bd   Thumb Code     2  stm32f4xx_it.o(i.HardFault_Handler)
    I2C_AcknowledgeConfig                    0x080004bf   Thumb Code    20  stm32f4xx_i2c.o(i.I2C_AcknowledgeConfig)
    I2C_CheckEvent                           0x080004d3   Thumb Code    24  stm32f4xx_i2c.o(i.I2C_CheckEvent)
    I2C_Cmd                                  0x080004eb   Thumb Code    20  stm32f4xx_i2c.o(i.I2C_Cmd)
    I2C_Configuration                        0x08000501   Thumb Code   140  main.o(i.I2C_Configuration)
    I2C_DeInit                               0x08000599   Thumb Code    56  stm32f4xx_i2c.o(i.I2C_DeInit)
    I2C_GenerateSTART                        0x080005dd   Thumb Code    20  stm32f4xx_i2c.o(i.I2C_GenerateSTART)
    I2C_GenerateSTOP                         0x080005f1   Thumb Code    20  stm32f4xx_i2c.o(i.I2C_GenerateSTOP)
    I2C_GetFlagStatus                        0x08000605   Thumb Code    42  stm32f4xx_i2c.o(i.I2C_GetFlagStatus)
    I2C_Init                                 0x08000631   Thumb Code   174  stm32f4xx_i2c.o(i.I2C_Init)
    I2C_ReceiveData                          0x080006e9   Thumb Code     6  stm32f4xx_i2c.o(i.I2C_ReceiveData)
    I2C_Send7bitAddress                      0x080006ef   Thumb Code    16  stm32f4xx_i2c.o(i.I2C_Send7bitAddress)
    I2C_SendData                             0x080006ff   Thumb Code     4  stm32f4xx_i2c.o(i.I2C_SendData)
    MPU6050_GetRawAccelTempGyro              0x08000703   Thumb Code    40  mpu6050.o(i.MPU6050_GetRawAccelTempGyro)
    MPU6050_I2C_BufferRead                   0x0800072d   Thumb Code   226  mpu6050.o(i.MPU6050_I2C_BufferRead)
    MPU6050_I2C_ByteWrite                    0x0800081d   Thumb Code   114  mpu6050.o(i.MPU6050_I2C_ByteWrite)
    MPU6050_Initialize                       0x0800089d   Thumb Code    30  mpu6050.o(i.MPU6050_Initialize)
    MPU6050_SetClockSource                   0x080008bb   Thumb Code    18  mpu6050.o(i.MPU6050_SetClockSource)
    MPU6050_SetFullScaleAccelRange           0x080008cd   Thumb Code    18  mpu6050.o(i.MPU6050_SetFullScaleAccelRange)
    MPU6050_SetFullScaleGyroRange            0x080008df   Thumb Code    18  mpu6050.o(i.MPU6050_SetFullScaleGyroRange)
    MPU6050_SetSleepModeStatus               0x080008f1   Thumb Code    12  mpu6050.o(i.MPU6050_SetSleepModeStatus)
    MPU6050_WriteBit                         0x080008fd   Thumb Code    54  mpu6050.o(i.MPU6050_WriteBit)
    MPU6050_WriteBits                        0x08000933   Thumb Code    66  mpu6050.o(i.MPU6050_WriteBits)
    MemManage_Handler                        0x08000975   Thumb Code     2  stm32f4xx_it.o(i.MemManage_Handler)
    NMI_Handler                              0x08000977   Thumb Code     2  stm32f4xx_it.o(i.NMI_Handler)
    PendSV_Handler                           0x08000979   Thumb Code     2  stm32f4xx_it.o(i.PendSV_Handler)
    RCC_AHB1PeriphClockCmd                   0x0800097d   Thumb Code    18  stm32f4xx_rcc.o(i.RCC_AHB1PeriphClockCmd)
    RCC_APB1PeriphClockCmd                   0x08000995   Thumb Code    18  stm32f4xx_rcc.o(i.RCC_APB1PeriphClockCmd)
    RCC_APB1PeriphResetCmd                   0x080009ad   Thumb Code    18  stm32f4xx_rcc.o(i.RCC_APB1PeriphResetCmd)
    RCC_GetClocksFreq                        0x080009c5   Thumb Code   132  stm32f4xx_rcc.o(i.RCC_GetClocksFreq)
    SVC_Handler                              0x08000a55   Thumb Code     2  stm32f4xx_it.o(i.SVC_Handler)
    SysTick_Handler                          0x08000b0d   Thumb Code     2  stm32f4xx_it.o(i.SysTick_Handler)
    SystemInit                               0x08000b11   Thumb Code    62  system_stm32f4xx.o(i.SystemInit)
    UsageFault_Handler                       0x08000b61   Thumb Code     2  stm32f4xx_it.o(i.UsageFault_Handler)
    __scatterload_copy                       0x08000b63   Thumb Code    14  handlers.o(i.__scatterload_copy)
    __scatterload_null                       0x08000b71   Thumb Code     2  handlers.o(i.__scatterload_null)
    __scatterload_zeroinit                   0x08000b73   Thumb Code    14  handlers.o(i.__scatterload_zeroinit)
    main                                     0x08000b81   Thumb Code    26  main.o(i.main)
    Region$$Table$$Base                      0x08000ba4   Number         0  anon$$obj.o(Region$$Table)
    Region$$Table$$Limit                     0x08000bc4   Number         0  anon$$obj.o(Region$$Table)
    HMC5883Ldata                             0x20000000   Data           6  main.o(.data)
    HMC5883Lmode                             0x20000016   Data           1  hmc5883l.o(.data)
    MPU6050data                              0x20000018   Data          14  main.o(.bss)
    __initial_sp                             0x20000428   Data           0  startup_stm32f4xx.o(STACK)



==============================================================================

Memory Map of the image

  Image Entry point : 0x08000189

  Load Region LR_IROM1 (Base: 0x08000000, Size: 0x00000bdc, Max: 0x00100000, ABSOLUTE)

    Execution Region ER_IROM1 (Base: 0x08000000, Size: 0x00000bc4, Max: 0x00100000, ABSOLUTE)

    Base Addr    Size         Type   Attr      Idx    E Section Name        Object

    0x08000000   0x00000188   Data   RO          251    RESET               startup_stm32f4xx.o
    0x08000188   0x00000000   Code   RO         1130  * .ARM.Collect$$$$00000000  mc_w.l(entry.o)
    0x08000188   0x00000004   Code   RO         1133    .ARM.Collect$$$$00000001  mc_w.l(entry2.o)
    0x0800018c   0x00000004   Code   RO         1136    .ARM.Collect$$$$00000004  mc_w.l(entry5.o)
    0x08000190   0x00000000   Code   RO         1138    .ARM.Collect$$$$00000008  mc_w.l(entry7b.o)
    0x08000190   0x00000000   Code   RO         1140    .ARM.Collect$$$$0000000A  mc_w.l(entry8b.o)
    0x08000190   0x00000008   Code   RO         1141    .ARM.Collect$$$$0000000B  mc_w.l(entry9a.o)
    0x08000198   0x00000000   Code   RO         1143    .ARM.Collect$$$$0000000D  mc_w.l(entry10a.o)
    0x08000198   0x00000000   Code   RO         1145    .ARM.Collect$$$$0000000F  mc_w.l(entry11a.o)
    0x08000198   0x00000004   Code   RO         1134    .ARM.Collect$$$$00002712  mc_w.l(entry2.o)
    0x0800019c   0x00000024   Code   RO          252    .text               startup_stm32f4xx.o
    0x080001c0   0x00000024   Code   RO         1147    .text               mc_w.l(init.o)
    0x080001e4   0x00000002   Code   RO            2    i.BusFault_Handler  stm32f4xx_it.o
    0x080001e6   0x00000002   Code   RO            3    i.DebugMon_Handler  stm32f4xx_it.o
    0x080001e8   0x000000a2   Code   RO          298    i.GPIO_Init         stm32f4xx_gpio.o
    0x0800028a   0x00000020   Code   RO          299    i.GPIO_PinAFConfig  stm32f4xx_gpio.o
    0x080002aa   0x00000002   PAD
    0x080002ac   0x0000004c   Code   RO          877    i.HMC5883L_GetHeading  hmc5883l.o
    0x080002f8   0x000000f0   Code   RO          883    i.HMC5883L_I2C_BufferRead  hmc5883l.o
    0x080003e8   0x00000080   Code   RO          884    i.HMC5883L_I2C_ByteWrite  hmc5883l.o
    0x08000468   0x00000020   Code   RO          886    i.HMC5883L_Initialize  hmc5883l.o
    0x08000488   0x00000014   Code   RO          890    i.HMC5883L_SetGain  hmc5883l.o
    0x0800049c   0x00000020   Code   RO          892    i.HMC5883L_SetMode  hmc5883l.o
    0x080004bc   0x00000002   Code   RO            4    i.HardFault_Handler  stm32f4xx_it.o
    0x080004be   0x00000014   Code   RO          668    i.I2C_AcknowledgeConfig  stm32f4xx_i2c.o
    0x080004d2   0x00000018   Code   RO          670    i.I2C_CheckEvent    stm32f4xx_i2c.o
    0x080004ea   0x00000014   Code   RO          673    i.I2C_Cmd           stm32f4xx_i2c.o
    0x080004fe   0x00000002   PAD
    0x08000500   0x00000098   Code   RO          183    i.I2C_Configuration  main.o
    0x08000598   0x00000044   Code   RO          676    i.I2C_DeInit        stm32f4xx_i2c.o
    0x080005dc   0x00000014   Code   RO          680    i.I2C_GenerateSTART  stm32f4xx_i2c.o
    0x080005f0   0x00000014   Code   RO          681    i.I2C_GenerateSTOP  stm32f4xx_i2c.o
    0x08000604   0x0000002a   Code   RO          682    i.I2C_GetFlagStatus  stm32f4xx_i2c.o
    0x0800062e   0x00000002   PAD
    0x08000630   0x000000b8   Code   RO          687    i.I2C_Init          stm32f4xx_i2c.o
    0x080006e8   0x00000006   Code   RO          692    i.I2C_ReceiveData   stm32f4xx_i2c.o
    0x080006ee   0x00000010   Code   RO          694    i.I2C_Send7bitAddress  stm32f4xx_i2c.o
    0x080006fe   0x00000004   Code   RO          695    i.I2C_SendData      stm32f4xx_i2c.o
    0x08000702   0x00000028   Code   RO         1021    i.MPU6050_GetRawAccelTempGyro  mpu6050.o
    0x0800072a   0x00000002   PAD
    0x0800072c   0x000000f0   Code   RO         1023    i.MPU6050_I2C_BufferRead  mpu6050.o
    0x0800081c   0x00000080   Code   RO         1024    i.MPU6050_I2C_ByteWrite  mpu6050.o
    0x0800089c   0x0000001e   Code   RO         1026    i.MPU6050_Initialize  mpu6050.o
    0x080008ba   0x00000012   Code   RO         1029    i.MPU6050_SetClockSource  mpu6050.o
    0x080008cc   0x00000012   Code   RO         1030    i.MPU6050_SetFullScaleAccelRange  mpu6050.o
    0x080008de   0x00000012   Code   RO         1031    i.MPU6050_SetFullScaleGyroRange  mpu6050.o
    0x080008f0   0x0000000c   Code   RO         1032    i.MPU6050_SetSleepModeStatus  mpu6050.o
    0x080008fc   0x00000036   Code   RO         1034    i.MPU6050_WriteBit  mpu6050.o
    0x08000932   0x00000042   Code   RO         1035    i.MPU6050_WriteBits  mpu6050.o
    0x08000974   0x00000002   Code   RO            5    i.MemManage_Handler  stm32f4xx_it.o
    0x08000976   0x00000002   Code   RO            6    i.NMI_Handler       stm32f4xx_it.o
    0x08000978   0x00000002   Code   RO            7    i.PendSV_Handler    stm32f4xx_it.o
    0x0800097a   0x00000002   PAD
    0x0800097c   0x00000018   Code   RO          391    i.RCC_AHB1PeriphClockCmd  stm32f4xx_rcc.o
    0x08000994   0x00000018   Code   RO          400    i.RCC_APB1PeriphClockCmd  stm32f4xx_rcc.o
    0x080009ac   0x00000018   Code   RO          402    i.RCC_APB1PeriphResetCmd  stm32f4xx_rcc.o
    0x080009c4   0x00000090   Code   RO          412    i.RCC_GetClocksFreq  stm32f4xx_rcc.o
    0x08000a54   0x00000002   Code   RO            8    i.SVC_Handler       stm32f4xx_it.o
    0x08000a56   0x00000002   PAD
    0x08000a58   0x000000b4   Code   RO          217    i.SetSysClock       system_stm32f4xx.o
    0x08000b0c   0x00000002   Code   RO            9    i.SysTick_Handler   stm32f4xx_it.o
    0x08000b0e   0x00000002   PAD
    0x08000b10   0x00000050   Code   RO          219    i.SystemInit        system_stm32f4xx.o
    0x08000b60   0x00000002   Code   RO           10    i.UsageFault_Handler  stm32f4xx_it.o
    0x08000b62   0x0000000e   Code   RO         1151    i.__scatterload_copy  mc_w.l(handlers.o)
    0x08000b70   0x00000002   Code   RO         1152    i.__scatterload_null  mc_w.l(handlers.o)
    0x08000b72   0x0000000e   Code   RO         1153    i.__scatterload_zeroinit  mc_w.l(handlers.o)
    0x08000b80   0x00000024   Code   RO          184    i.main              main.o
    0x08000ba4   0x00000020   Data   RO         1149    Region$$Table       anon$$obj.o


    Execution Region RW_IRAM1 (Base: 0x20000000, Size: 0x00000428, Max: 0x00020000, ABSOLUTE)

    Base Addr    Size         Type   Attr      Idx    E Section Name        Object

    0x20000000   0x00000006   Data   RW          186    .data               main.o
    0x20000006   0x00000010   Data   RW          435    .data               stm32f4xx_rcc.o
    0x20000016   0x00000001   Data   RW          897    .data               hmc5883l.o
    0x20000017   0x00000001   PAD
    0x20000018   0x0000000e   Zero   RW          185    .bss                main.o
    0x20000026   0x00000002   PAD
    0x20000028   0x00000400   Zero   RW          249    STACK               startup_stm32f4xx.o


==============================================================================

Image component sizes


      Code (inc. data)   RO Data    RW Data    ZI Data      Debug   Object Name

       528         38          0          1          0       4571   hmc5883l.o
       188         22          0          6         14       1754   main.o
       624         28          0          0          0       6944   mpu6050.o
        36          8        392          0       1024        924   startup_stm32f4xx.o
       194          0          0          0          0       1959   stm32f4xx_gpio.o
       424         22          0          0          0       8049   stm32f4xx_i2c.o
        18          0          0          0          0     243450   stm32f4xx_it.o
       216         30          0         16          0       4799   stm32f4xx_rcc.o
       260         36          0          0          0       1525   system_stm32f4xx.o

    ----------------------------------------------------------------------
      2502        184        424         24       1040     273975   Object Totals
         0          0         32          0          0          0   (incl. Generated)
        14          0          0          1          2          0   (incl. Padding)

    ----------------------------------------------------------------------

      Code (inc. data)   RO Data    RW Data    ZI Data      Debug   Library Member Name

         0          0          0          0          0          0   entry.o
         0          0          0          0          0          0   entry10a.o
         0          0          0          0          0          0   entry11a.o
         8          4          0          0          0          0   entry2.o
         4          0          0          0          0          0   entry5.o
         0          0          0          0          0          0   entry7b.o
         0          0          0          0          0          0   entry8b.o
         8          4          0          0          0          0   entry9a.o
        30          0          0          0          0          0   handlers.o
        36          8          0          0          0         68   init.o

    ----------------------------------------------------------------------
        86         16          0          0          0         68   Library Totals
         0          0          0          0          0          0   (incl. Padding)

    ----------------------------------------------------------------------

      Code (inc. data)   RO Data    RW Data    ZI Data      Debug   Library Name

        86         16          0          0          0         68   mc_w.l

    ----------------------------------------------------------------------
        86         16          0          0          0         68   Library Totals

    ----------------------------------------------------------------------

==============================================================================


      Code (inc. data)   RO Data    RW Data    ZI Data      Debug   

      2588        200        424         24       1040     270347   Grand Totals
      2588        200        424         24       1040     270347   ELF Image Totals
      2588        200        424         24          0          0   ROM Totals

==============================================================================

    Total RO  Size (Code + RO Data)                 3012 (   2.94kB)
    Total RW  Size (RW Data + ZI Data)              1064 (   1.04kB)
    Total ROM Size (Code + RO Data + RW Data)       3036 (   2.96kB)

==============================================================================

